components/game/CenterPanel.tsx(148,35): error TS2365: Operator '<' cannot be applied to types 'number' and 'unknown'.
components/game/CenterPanel.tsx(148,55): error TS2365: Operator '>' cannot be applied to types 'number' and 'unknown'.
components/game/CombatPanel.tsx(5,28): error TS2307: Cannot find module '../../ui/scroll-area' or its corresponding type declarations.
components/game/CombatPanel.tsx(114,20): error TS2304: Cannot find name 'Swords'.
components/game/CombatPanel.tsx(139,40): error TS2304: Cannot find name 'Crosshair'.
components/game/CombatPanel.tsx(263,53): error TS2304: Cannot find name 'Sword'.
components/game/CombatPanel.tsx(265,53): error TS2304: Cannot find name 'Package'.
components/game/CombatPanel.tsx(267,55): error TS2304: Cannot find name 'MessageSquare'.
components/game/CombatPanel.tsx(377,14): error TS2304: Cannot find name 'X'.
components/game/LeftPanel.tsx(352,36): error TS2322: Type '{ key: string; entry: any; variant: "buff"; }' is not assignable to type '{ entry: string | StatusEffect; variant: "buff" | "curse"; }'.
  Property 'key' does not exist on type '{ entry: string | StatusEffect; variant: "buff" | "curse"; }'.
components/game/LeftPanel.tsx(355,36): error TS2322: Type '{ key: string; entry: any; variant: "curse"; }' is not assignable to type '{ entry: string | StatusEffect; variant: "buff" | "curse"; }'.
  Property 'key' does not exist on type '{ entry: string | StatusEffect; variant: "buff" | "curse"; }'.
components/game/modals/settings/SettingsContext.tsx(5,10): error TS2305: Module '"../../../../utils/ai"' has no exported member 'assembleFullPrompt'.
components/game/modals/SocialModal.tsx(238,26): error TS2339: Property '绉嶆棌' does not exist on type 'Confidant'.
components/game/modals/SocialModal.tsx(245,26): error TS2339: Property '鐪锋棌' does not exist on type 'Confidant'.
components/game/modals/SocialModal.tsx(254,87): error TS2339: Property '骞撮緞' does not exist on type 'Confidant'.
components/game/modals/SocialModal.tsx(254,97): error TS2339: Property '骞撮緞' does not exist on type 'Confidant'.
components/game/modals/SocialModal.tsx(297,78): error TS2339: Property '绛夌骇' does not exist on type 'Confidant'.
components/game/modals/SocialModal.tsx(363,40): error TS2339: Property '韬唤' does not exist on type 'Confidant'.
components/game/modals/SocialModal.tsx(364,45): error TS2339: Property '绉嶆棌' does not exist on type 'Confidant'.
components/game/modals/SocialModal.tsx(365,46): error TS2339: Property '鐪锋棌' does not exist on type 'Confidant'.
components/game/modals/SocialPhoneModal.tsx(692,29): error TS2322: Type '{ key: any; post: any; }' is not assignable to type '{ post: PhonePost; isForum?: boolean; }'.
  Property 'key' does not exist on type '{ post: PhonePost; isForum?: boolean; }'.
components/game/modals/SocialPhoneModal.tsx(738,29): error TS2322: Type '{ key: any; post: any; isForum: true; }' is not assignable to type '{ post: PhonePost; isForum?: boolean; }'.
  Property 'key' does not exist on type '{ post: PhonePost; isForum?: boolean; }'.
hooks/useAppSettings.ts(90,51): error TS2339: Property 'name' does not exist on type 'unknown'.
hooks/useAppSettings.ts(90,76): error TS2339: Property 'name' does not exist on type 'unknown'.
hooks/useAppSettings.ts(91,36): error TS2698: Spread types may only be created from object types.
hooks/useGameLogic.ts(5,10): error TS2305: Module '"../utils/ai"' has no exported member 'generateGameMasterResponse'.
hooks/useGameLogic.ts(5,38): error TS2305: Module '"../utils/ai"' has no exported member 'generatePhoneResponse'.
hooks/useGameLogic.ts(5,61): error TS2305: Module '"../utils/ai"' has no exported member 'generateWorldInfoResponse'.
hooks/useGameLogic.ts(5,135): error TS2305: Module '"../utils/ai"' has no exported member 'dispatchAIRequest'.
hooks/useGameLogic.ts(5,154): error TS2305: Module '"../utils/ai"' has no exported member 'generateMemorySummary'.
hooks/useGameLogic.ts(5,244): error TS2305: Module '"../utils/ai"' has no exported member 'resolveServiceConfig'.
hooks/useGameLogic.ts(234,53): error TS2339: Property 'name' does not exist on type 'unknown'.
hooks/useGameLogic.ts(234,78): error TS2339: Property 'name' does not exist on type 'unknown'.
hooks/useGameLogic.ts(235,38): error TS2698: Spread types may only be created from object types.
hooks/useGameLogic.ts(318,56): error TS2339: Property '绛夌骇' does not exist on type 'CharacterStats'.
hooks/useGameLogic.ts(335,54): error TS2339: Property '绛夌骇' does not exist on type 'CharacterStats'.
utils/dataMapper.ts(68,97): error TS2322: Type '"LostTech"' is not assignable to type '"Broken" | "Common" | "Rare" | "Epic" | "Legendary" | "鏅€? | "绋€鏈? | "鍙茶瘲" | "浼犺" | "鐮存崯"'.
utils/dataMapper.ts(75,172): error TS2322: Type '"Scrap"' is not assignable to type '"Broken" | "Common" | "Rare" | "Epic" | "Legendary" | "鏅€? | "绋€鏈? | "鍙茶瘲" | "浼犺" | "鐮存崯"'.
utils/dataMapper.ts(92,97): error TS2322: Type '"Illegal"' is not assignable to type '"Broken" | "Common" | "Rare" | "Epic" | "Legendary" | "鏅€? | "绋€鏈? | "鍙茶瘲" | "浼犺" | "鐮存崯"'.
utils/dataMapper.ts(99,161): error TS2322: Type '"Military"' is not assignable to type '"Broken" | "Common" | "Rare" | "Epic" | "Legendary" | "鏅€? | "绋€鏈? | "鍙茶瘲" | "浼犺" | "鐮存崯"'.
utils/dataMapper.ts(113,31): error TS2345: Argument of type '{ id: string; 鍚嶇О: string; 鏁伴噺: number; 绫诲瀷: "consumable"; 鎭㈠閲? number; 鍝佽川: "Common"; 浠峰€? number; }' is not assignable to parameter of type 'InventoryItem'.
  Property '鎻忚堪' is missing in type '{ id: string; 鍚嶇О: string; 鏁伴噺: number; 绫诲瀷: "consumable"; 鎭㈠閲? number; 鍝佽川: "Common"; 浠峰€? number; }' but required in type 'InventoryItem'.
utils/dataMapper.ts(116,32): error TS2345: Argument of type '{ id: string; 鍚嶇О: string; 鏁伴噺: number; 绫诲瀷: "consumable"; 鎭㈠閲? number; 鍝佽川: "Common"; 浠峰€? number; }' is not assignable to parameter of type 'InventoryItem'.
  Property '鎻忚堪' is missing in type '{ id: string; 鍚嶇О: string; 鏁伴噺: number; 绫诲瀷: "consumable"; 鎭㈠閲? number; 鍝佽川: "Common"; 浠峰€? number; }' but required in type 'InventoryItem'.
